[0.106s][info][gc,heap] Heap region size: 1M
[0.120s][info][gc     ] Using G1
[0.120s][info][gc,heap,coops] Heap address: 0x00000000f8000000, size: 128 MB, Compressed Oops mode: 32-bit
[1.879s][info][gc,start     ] GC(0) Pause Young (G1 Evacuation Pause)
[1.879s][info][gc,task      ] GC(0) Using 4 workers of 4 for evacuation
[1.930s][info][gc,phases    ] GC(0)   Pre Evacuate Collection Set: 0.0ms
[1.930s][info][gc,phases    ] GC(0)   Evacuate Collection Set: 49.6ms
[1.930s][info][gc,phases    ] GC(0)   Post Evacuate Collection Set: 0.4ms
[1.930s][info][gc,phases    ] GC(0)   Other: 1.0ms
[1.930s][info][gc,heap      ] GC(0) Eden regions: 14->0(5)
[1.930s][info][gc,heap      ] GC(0) Survivor regions: 0->2(2)
[1.930s][info][gc,heap      ] GC(0) Old regions: 0->4
[1.931s][info][gc,heap      ] GC(0) Humongous regions: 4->4
[1.931s][info][gc,metaspace ] GC(0) Metaspace: 10320K->10320K(1058816K)
[1.931s][info][gc           ] GC(0) Pause Young (G1 Evacuation Pause) 18M->9M(96M) 52.221ms
[1.931s][info][gc,cpu       ] GC(0) User=0.19s Sys=0.02s Real=0.05s
[1.970s][info][gc,start     ] GC(1) Pause Young (G1 Evacuation Pause)
[1.970s][info][gc,task      ] GC(1) Using 4 workers of 4 for evacuation
[2.055s][info][gc,phases    ] GC(1)   Pre Evacuate Collection Set: 0.0ms
[2.055s][info][gc,phases    ] GC(1)   Evacuate Collection Set: 85.0ms
[2.055s][info][gc,phases    ] GC(1)   Post Evacuate Collection Set: 0.3ms
[2.055s][info][gc,phases    ] GC(1)   Other: 0.3ms
[2.055s][info][gc,heap      ] GC(1) Eden regions: 5->0(3)
[2.055s][info][gc,heap      ] GC(1) Survivor regions: 2->1(1)
[2.056s][info][gc,heap      ] GC(1) Old regions: 4->10
[2.056s][info][gc,heap      ] GC(1) Humongous regions: 9->9
[2.056s][info][gc,metaspace ] GC(1) Metaspace: 10320K->10320K(1058816K)
[2.056s][info][gc           ] GC(1) Pause Young (G1 Evacuation Pause) 19M->19M(96M) 86.116ms
[2.056s][info][gc,cpu       ] GC(1) User=0.30s Sys=0.00s Real=0.09s
[7.862s][info][gc,start     ] GC(2) Pause Young (G1 Evacuation Pause)
[7.862s][info][gc,task      ] GC(2) Using 4 workers of 4 for evacuation
[7.875s][info][gc,phases    ] GC(2)   Pre Evacuate Collection Set: 0.0ms
[7.875s][info][gc,phases    ] GC(2)   Evacuate Collection Set: 12.6ms
[7.875s][info][gc,phases    ] GC(2)   Post Evacuate Collection Set: 0.1ms
[7.875s][info][gc,phases    ] GC(2)   Other: 0.2ms
[7.875s][info][gc,heap      ] GC(2) Eden regions: 3->0(6)
[7.875s][info][gc,heap      ] GC(2) Survivor regions: 1->1(1)
[7.875s][info][gc,heap      ] GC(2) Old regions: 10->14
[7.875s][info][gc,heap      ] GC(2) Humongous regions: 9->9
[7.875s][info][gc,metaspace ] GC(2) Metaspace: 10623K->10623K(1058816K)
[7.875s][info][gc           ] GC(2) Pause Young (G1 Evacuation Pause) 22M->23M(96M) 13.150ms
[7.875s][info][gc,cpu       ] GC(2) User=0.06s Sys=0.00s Real=0.01s
[7.909s][info][gc,start     ] GC(3) Pause Young (G1 Evacuation Pause)
[7.909s][info][gc,task      ] GC(3) Using 4 workers of 4 for evacuation
[7.923s][info][gc,phases    ] GC(3)   Pre Evacuate Collection Set: 0.0ms
[7.923s][info][gc,phases    ] GC(3)   Evacuate Collection Set: 13.3ms
[7.923s][info][gc,phases    ] GC(3)   Post Evacuate Collection Set: 0.1ms
[7.923s][info][gc,phases    ] GC(3)   Other: 0.2ms
[7.923s][info][gc,heap      ] GC(3) Eden regions: 6->0(16)
[7.923s][info][gc,heap      ] GC(3) Survivor regions: 1->1(1)
[7.923s][info][gc,heap      ] GC(3) Old regions: 14->18
[7.923s][info][gc,heap      ] GC(3) Humongous regions: 11->11
[7.923s][info][gc,metaspace ] GC(3) Metaspace: 10889K->10889K(1058816K)
[7.923s][info][gc           ] GC(3) Pause Young (G1 Evacuation Pause) 31M->29M(96M) 13.966ms
[7.923s][info][gc,cpu       ] GC(3) User=0.06s Sys=0.00s Real=0.01s
[22.434s][info][gc,start     ] GC(4) Pause Young (G1 Evacuation Pause)
[22.434s][info][gc,task      ] GC(4) Using 4 workers of 4 for evacuation
[22.562s][info][gc,phases    ] GC(4)   Pre Evacuate Collection Set: 0.0ms
[22.562s][info][gc,phases    ] GC(4)   Evacuate Collection Set: 127.6ms
[22.562s][info][gc,phases    ] GC(4)   Post Evacuate Collection Set: 0.5ms
[22.563s][info][gc,phases    ] GC(4)   Other: 0.5ms
[22.563s][info][gc,heap      ] GC(4) Eden regions: 14->0(13)
[22.563s][info][gc,heap      ] GC(4) Survivor regions: 1->2(2)
[22.563s][info][gc,heap      ] GC(4) Old regions: 18->25
[22.563s][info][gc,heap      ] GC(4) Humongous regions: 22->22
[22.563s][info][gc,metaspace ] GC(4) Metaspace: 10890K->10890K(1058816K)
[22.563s][info][gc           ] GC(4) Pause Young (G1 Evacuation Pause) 54M->49M(96M) 129.543ms
[22.563s][info][gc,cpu       ] GC(4) User=0.41s Sys=0.00s Real=0.13s
[22.662s][info][gc,start     ] GC(5) Pause Initial Mark (G1 Humongous Allocation)
[22.662s][info][gc,task      ] GC(5) Using 4 workers of 4 for evacuation
[22.779s][info][gc,phases    ] GC(5)   Pre Evacuate Collection Set: 0.0ms
[22.779s][info][gc,phases    ] GC(5)   Evacuate Collection Set: 116.2ms
[22.779s][info][gc,phases    ] GC(5)   Post Evacuate Collection Set: 0.5ms
[22.779s][info][gc,phases    ] GC(5)   Other: 0.5ms
[22.779s][info][gc,heap      ] GC(5) Eden regions: 11->0(8)
[22.779s][info][gc,heap      ] GC(5) Survivor regions: 2->2(2)
[22.779s][info][gc,heap      ] GC(5) Old regions: 25->36
[22.779s][info][gc,heap      ] GC(5) Humongous regions: 22->22
[22.779s][info][gc,metaspace ] GC(5) Metaspace: 10890K->10890K(1058816K)
[22.780s][info][gc           ] GC(5) Pause Initial Mark (G1 Humongous Allocation) 59M->59M(96M) 117.865ms
[22.780s][info][gc,cpu       ] GC(5) User=0.41s Sys=0.03s Real=0.12s
[22.780s][info][gc           ] GC(6) Concurrent Cycle
[22.780s][info][gc,marking   ] GC(6) Concurrent Clear Claimed Marks
[22.780s][info][gc,marking   ] GC(6) Concurrent Clear Claimed Marks 0.085ms
[22.780s][info][gc,marking   ] GC(6) Concurrent Scan Root Regions
[22.812s][info][gc,marking   ] GC(6) Concurrent Scan Root Regions 31.711ms
[22.812s][info][gc,marking   ] GC(6) Concurrent Mark (22.812s)
[22.812s][info][gc,marking   ] GC(6) Concurrent Mark From Roots
[22.812s][info][gc,task      ] GC(6) Using 1 workers of 1 for marking
[23.214s][info][gc,marking   ] GC(6) Concurrent Mark From Roots 402.384ms
[23.215s][info][gc,marking   ] GC(6) Concurrent Mark (22.812s, 23.215s) 402.622ms
[23.219s][info][gc,start     ] GC(6) Pause Remark
[23.225s][info][gc,stringtable] GC(6) Cleaned string and symbol table, strings: 5327 processed, 4 removed, symbols: 40167 processed, 1 removed
[23.226s][info][gc            ] GC(6) Pause Remark 67M->67M(96M) 6.402ms
[23.226s][info][gc,cpu        ] GC(6) User=0.00s Sys=0.00s Real=0.01s
[23.226s][info][gc,marking    ] GC(6) Concurrent Create Live Data
[23.294s][info][gc,marking    ] GC(6) Concurrent Create Live Data 67.729ms
[23.294s][info][gc,start      ] GC(6) Pause Cleanup
[23.295s][info][gc            ] GC(6) Pause Cleanup 67M->52M(96M) 0.568ms
[23.295s][info][gc,cpu        ] GC(6) User=0.00s Sys=0.00s Real=0.00s
[23.295s][info][gc,marking    ] GC(6) Concurrent Complete Cleanup
[23.295s][info][gc,marking    ] GC(6) Concurrent Complete Cleanup 0.147ms
[23.295s][info][gc,marking    ] GC(6) Concurrent Cleanup for Next Mark
[23.296s][info][gc,marking    ] GC(6) Concurrent Cleanup for Next Mark 0.816ms
[23.296s][info][gc            ] GC(6) Concurrent Cycle 516.121ms
[37.806s][info][gc,start      ] GC(7) Pause Young (G1 Evacuation Pause)
[37.807s][info][gc,task       ] GC(7) Using 4 workers of 4 for evacuation
[37.916s][info][gc,phases     ] GC(7)   Pre Evacuate Collection Set: 0.0ms
[37.916s][info][gc,phases     ] GC(7)   Evacuate Collection Set: 108.0ms
[37.916s][info][gc,phases     ] GC(7)   Post Evacuate Collection Set: 0.7ms
[37.916s][info][gc,phases     ] GC(7)   Other: 0.5ms
[37.916s][info][gc,heap       ] GC(7) Eden regions: 8->0(2)
[37.916s][info][gc,heap       ] GC(7) Survivor regions: 2->2(2)
[37.916s][info][gc,heap       ] GC(7) Old regions: 36->44
[37.916s][info][gc,heap       ] GC(7) Humongous regions: 16->16
[37.916s][info][gc,metaspace  ] GC(7) Metaspace: 10890K->10890K(1058816K)
[37.916s][info][gc            ] GC(7) Pause Young (G1 Evacuation Pause) 61M->61M(96M) 110.025ms
[37.917s][info][gc,cpu        ] GC(7) User=0.36s Sys=0.02s Real=0.11s
[37.972s][info][gc,start      ] GC(8) Pause Mixed (G1 Evacuation Pause)
[37.972s][info][gc,task       ] GC(8) Using 4 workers of 4 for evacuation
[38.037s][info][gc,phases     ] GC(8)   Pre Evacuate Collection Set: 0.0ms
[38.037s][info][gc,phases     ] GC(8)   Evacuate Collection Set: 64.3ms
[38.037s][info][gc,phases     ] GC(8)   Post Evacuate Collection Set: 0.3ms
[38.037s][info][gc,phases     ] GC(8)   Other: 0.5ms
[38.038s][info][gc,heap       ] GC(8) Eden regions: 2->0(7)
[38.038s][info][gc,heap       ] GC(8) Survivor regions: 2->1(1)
[38.038s][info][gc,heap       ] GC(8) Old regions: 44->45
[38.038s][info][gc,heap       ] GC(8) Humongous regions: 16->16
[38.038s][info][gc,metaspace  ] GC(8) Metaspace: 10890K->10890K(1058816K)
[38.038s][info][gc            ] GC(8) Pause Mixed (G1 Evacuation Pause) 63M->62M(96M) 65.836ms
[38.038s][info][gc,cpu        ] GC(8) User=0.17s Sys=0.00s Real=0.07s
[55.038s][info][gc,start      ] GC(9) Pause Initial Mark (G1 Humongous Allocation)
[55.038s][info][gc,task       ] GC(9) Using 4 workers of 4 for evacuation
[55.063s][info][gc,phases     ] GC(9)   Pre Evacuate Collection Set: 0.0ms
[55.063s][info][gc,phases     ] GC(9)   Evacuate Collection Set: 24.3ms
[55.063s][info][gc,phases     ] GC(9)   Post Evacuate Collection Set: 0.2ms
[55.063s][info][gc,phases     ] GC(9)   Other: 0.4ms
[55.063s][info][gc,heap       ] GC(9) Eden regions: 3->0(6)
[55.063s][info][gc,heap       ] GC(9) Survivor regions: 1->1(1)
[55.063s][info][gc,heap       ] GC(9) Old regions: 45->48
[55.063s][info][gc,heap       ] GC(9) Humongous regions: 16->16
[55.063s][info][gc,metaspace  ] GC(9) Metaspace: 10890K->10890K(1058816K)
[55.063s][info][gc            ] GC(9) Pause Initial Mark (G1 Humongous Allocation) 64M->65M(96M) 25.363ms
[55.063s][info][gc,cpu        ] GC(9) User=0.13s Sys=0.00s Real=0.03s
[55.063s][info][gc            ] GC(10) Concurrent Cycle
[55.063s][info][gc,marking    ] GC(10) Concurrent Clear Claimed Marks
[55.064s][info][gc,marking    ] GC(10) Concurrent Clear Claimed Marks 0.070ms
[55.064s][info][gc,marking    ] GC(10) Concurrent Scan Root Regions
[55.067s][info][gc,marking    ] GC(10) Concurrent Scan Root Regions 3.165ms
[55.067s][info][gc,marking    ] GC(10) Concurrent Mark (55.067s)
[55.067s][info][gc,marking    ] GC(10) Concurrent Mark From Roots
[55.067s][info][gc,task       ] GC(10) Using 1 workers of 1 for marking
[55.106s][info][gc,start      ] GC(11) Pause Young (G1 Evacuation Pause)
[55.106s][info][gc,task       ] GC(11) Using 4 workers of 4 for evacuation
[55.161s][info][gc,phases     ] GC(11)   Pre Evacuate Collection Set: 0.0ms
[55.161s][info][gc,phases     ] GC(11)   Evacuate Collection Set: 54.2ms
[55.161s][info][gc,phases     ] GC(11)   Post Evacuate Collection Set: 0.4ms
[55.161s][info][gc,phases     ] GC(11)   Other: 0.4ms
[55.161s][info][gc,heap       ] GC(11) Eden regions: 6->0(3)
[55.161s][info][gc,heap       ] GC(11) Survivor regions: 1->1(1)
[55.161s][info][gc,heap       ] GC(11) Old regions: 48->55
[55.161s][info][gc,heap       ] GC(11) Humongous regions: 18->18
[55.161s][info][gc,metaspace  ] GC(11) Metaspace: 10890K->10890K(1058816K)
[55.161s][info][gc            ] GC(11) Pause Young (G1 Evacuation Pause) 73M->73M(96M) 55.754ms
[55.162s][info][gc,cpu        ] GC(11) User=0.14s Sys=0.02s Real=0.06s
[55.261s][info][gc,start      ] GC(12) Pause Young (G1 Evacuation Pause)
[55.262s][info][gc,task       ] GC(12) Using 4 workers of 4 for evacuation
[55.293s][info][gc,phases     ] GC(12)   Pre Evacuate Collection Set: 0.0ms
[55.293s][info][gc,phases     ] GC(12)   Evacuate Collection Set: 30.8ms
[55.293s][info][gc,phases     ] GC(12)   Post Evacuate Collection Set: 0.4ms
[55.293s][info][gc,phases     ] GC(12)   Other: 0.3ms
[55.293s][info][gc,heap       ] GC(12) Eden regions: 3->0(3)
[55.293s][info][gc,heap       ] GC(12) Survivor regions: 1->1(1)
[55.293s][info][gc,heap       ] GC(12) Old regions: 55->58
[55.293s][info][gc,heap       ] GC(12) Humongous regions: 29->29
[55.293s][info][gc,metaspace  ] GC(12) Metaspace: 10890K->10890K(1058816K)
[55.294s][info][gc            ] GC(12) Pause Young (G1 Evacuation Pause) 87M->87M(96M) 32.068ms
[55.294s][info][gc,cpu        ] GC(12) User=0.08s Sys=0.00s Real=0.03s
[55.573s][info][gc,marking    ] GC(10) Concurrent Mark From Roots 506.018ms
[55.573s][info][gc,marking    ] GC(10) Concurrent Mark (55.067s, 55.573s) 506.188ms
[55.580s][info][gc,start      ] GC(10) Pause Remark
[55.583s][info][gc,stringtable] GC(10) Cleaned string and symbol table, strings: 5323 processed, 0 removed, symbols: 40166 processed, 0 removed
[55.583s][info][gc            ] GC(10) Pause Remark 90M->90M(96M) 3.672ms
[55.583s][info][gc,cpu        ] GC(10) User=0.00s Sys=0.00s Real=0.00s
[55.584s][info][gc,marking    ] GC(10) Concurrent Create Live Data
[55.648s][info][gc,marking    ] GC(10) Concurrent Create Live Data 64.560ms
[55.649s][info][gc,start      ] GC(10) Pause Cleanup
[55.649s][info][gc            ] GC(10) Pause Cleanup 90M->81M(96M) 0.467ms
[55.649s][info][gc,cpu        ] GC(10) User=0.00s Sys=0.00s Real=0.00s
[55.649s][info][gc,marking    ] GC(10) Concurrent Complete Cleanup
[55.649s][info][gc,marking    ] GC(10) Concurrent Complete Cleanup 0.083ms
[55.649s][info][gc,marking    ] GC(10) Concurrent Cleanup for Next Mark
[55.650s][info][gc,marking    ] GC(10) Concurrent Cleanup for Next Mark 0.665ms
[55.650s][info][gc            ] GC(10) Concurrent Cycle 586.789ms
[69.359s][info][gc,start      ] GC(13) Pause Young (G1 Evacuation Pause)
[69.359s][info][gc,task       ] GC(13) Using 4 workers of 4 for evacuation
[69.388s][info][gc,phases     ] GC(13)   Pre Evacuate Collection Set: 0.0ms
[69.388s][info][gc,phases     ] GC(13)   Evacuate Collection Set: 28.6ms
[69.388s][info][gc,phases     ] GC(13)   Post Evacuate Collection Set: 0.2ms
[69.389s][info][gc,phases     ] GC(13)   Other: 0.3ms
[69.389s][info][gc,heap       ] GC(13) Eden regions: 3->0(3)
[69.389s][info][gc,heap       ] GC(13) Survivor regions: 1->1(1)
[69.389s][info][gc,heap       ] GC(13) Old regions: 58->61
[69.389s][info][gc,heap       ] GC(13) Humongous regions: 22->22
[69.389s][info][gc,metaspace  ] GC(13) Metaspace: 10890K->10890K(1058816K)
[69.389s][info][gc            ] GC(13) Pause Young (G1 Evacuation Pause) 83M->84M(96M) 29.694ms
[69.389s][info][gc,cpu        ] GC(13) User=0.13s Sys=0.00s Real=0.03s
[69.411s][info][gc,start      ] GC(14) Pause Mixed (G1 Evacuation Pause)
[69.411s][info][gc,task       ] GC(14) Using 4 workers of 4 for evacuation
[69.471s][info][gc,phases     ] GC(14)   Pre Evacuate Collection Set: 0.0ms
[69.471s][info][gc,phases     ] GC(14)   Evacuate Collection Set: 58.9ms
[69.471s][info][gc,phases     ] GC(14)   Post Evacuate Collection Set: 0.3ms
[69.471s][info][gc,phases     ] GC(14)   Other: 0.4ms
[69.471s][info][gc,heap       ] GC(14) Eden regions: 3->0(3)
[69.471s][info][gc,heap       ] GC(14) Survivor regions: 1->1(1)
[69.471s][info][gc,heap       ] GC(14) Old regions: 61->59
[69.471s][info][gc,heap       ] GC(14) Humongous regions: 22->22
[69.471s][info][gc,metaspace  ] GC(14) Metaspace: 10890K->10890K(1058816K)
[69.472s][info][gc            ] GC(14) Pause Mixed (G1 Evacuation Pause) 87M->81M(96M) 60.196ms
[69.472s][info][gc,cpu        ] GC(14) User=0.22s Sys=0.00s Real=0.06s
[69.518s][info][gc,start      ] GC(15) Pause Mixed (G1 Evacuation Pause)
[69.518s][info][gc,task       ] GC(15) Using 4 workers of 4 for evacuation
[69.563s][info][gc,phases     ] GC(15)   Pre Evacuate Collection Set: 0.0ms
[69.563s][info][gc,phases     ] GC(15)   Evacuate Collection Set: 44.1ms
[69.563s][info][gc,phases     ] GC(15)   Post Evacuate Collection Set: 0.3ms
[69.563s][info][gc,phases     ] GC(15)   Other: 0.4ms
[69.563s][info][gc,heap       ] GC(15) Eden regions: 3->0(3)
[69.563s][info][gc,heap       ] GC(15) Survivor regions: 1->1(1)
[69.564s][info][gc,heap       ] GC(15) Old regions: 59->61
[69.564s][info][gc,heap       ] GC(15) Humongous regions: 22->22
[69.564s][info][gc,metaspace  ] GC(15) Metaspace: 10890K->10890K(1058816K)
[69.564s][info][gc            ] GC(15) Pause Mixed (G1 Evacuation Pause) 84M->83M(96M) 45.473ms
[69.564s][info][gc,cpu        ] GC(15) User=0.13s Sys=0.00s Real=0.05s
[69.596s][info][gc,start      ] GC(16) Pause Initial Mark (G1 Evacuation Pause)
[69.596s][info][gc,task       ] GC(16) Using 4 workers of 4 for evacuation
[69.624s][info][gc,phases     ] GC(16)   Pre Evacuate Collection Set: 0.0ms
[69.625s][info][gc,phases     ] GC(16)   Evacuate Collection Set: 28.0ms
[69.625s][info][gc,phases     ] GC(16)   Post Evacuate Collection Set: 0.2ms
[69.625s][info][gc,phases     ] GC(16)   Other: 0.4ms
[69.625s][info][gc,heap       ] GC(16) Eden regions: 3->0(3)
[69.625s][info][gc,heap       ] GC(16) Survivor regions: 1->1(1)
[69.625s][info][gc,heap       ] GC(16) Old regions: 61->64
[69.625s][info][gc,heap       ] GC(16) Humongous regions: 22->22
[69.625s][info][gc,metaspace  ] GC(16) Metaspace: 10890K->10890K(1058816K)
[69.625s][info][gc            ] GC(16) Pause Initial Mark (G1 Evacuation Pause) 86M->87M(96M) 29.146ms
[69.625s][info][gc,cpu        ] GC(16) User=0.11s Sys=0.00s Real=0.03s
[69.625s][info][gc            ] GC(17) Concurrent Cycle
[69.625s][info][gc,marking    ] GC(17) Concurrent Clear Claimed Marks
[69.625s][info][gc,marking    ] GC(17) Concurrent Clear Claimed Marks 0.066ms
[69.625s][info][gc,marking    ] GC(17) Concurrent Scan Root Regions
[69.629s][info][gc,marking    ] GC(17) Concurrent Scan Root Regions 3.228ms
[69.629s][info][gc,marking    ] GC(17) Concurrent Mark (69.629s)
[69.629s][info][gc,marking    ] GC(17) Concurrent Mark From Roots
[69.629s][info][gc,task       ] GC(17) Using 1 workers of 1 for marking
[70.153s][info][gc,marking    ] GC(17) Concurrent Mark From Roots 524.321ms
[70.153s][info][gc,marking    ] GC(17) Concurrent Mark (69.629s, 70.153s) 524.474ms
[70.155s][info][gc,start      ] GC(17) Pause Remark
[70.159s][info][gc,stringtable] GC(17) Cleaned string and symbol table, strings: 5323 processed, 174 removed, symbols: 40166 processed, 0 removed
[70.159s][info][gc            ] GC(17) Pause Remark 89M->89M(96M) 3.512ms
[70.159s][info][gc,cpu        ] GC(17) User=0.00s Sys=0.00s Real=0.00s
[70.159s][info][gc,marking    ] GC(17) Concurrent Create Live Data
[70.247s][info][gc,marking    ] GC(17) Concurrent Create Live Data 88.285ms
[70.248s][info][gc,start      ] GC(17) Pause Cleanup
[70.248s][info][gc            ] GC(17) Pause Cleanup 89M->79M(96M) 0.546ms
[70.248s][info][gc,cpu        ] GC(17) User=0.00s Sys=0.00s Real=0.00s
[70.248s][info][gc,marking    ] GC(17) Concurrent Complete Cleanup
[70.249s][info][gc,marking    ] GC(17) Concurrent Complete Cleanup 0.123ms
[70.249s][info][gc,marking    ] GC(17) Concurrent Cleanup for Next Mark
[70.249s][info][gc,marking    ] GC(17) Concurrent Cleanup for Next Mark 0.519ms
[70.249s][info][gc            ] GC(17) Concurrent Cycle 624.121ms
[84.905s][info][gc,start      ] GC(18) Pause Young (G1 Evacuation Pause)
[84.906s][info][gc,task       ] GC(18) Using 4 workers of 4 for evacuation
[84.940s][info][gc,phases     ] GC(18)   Pre Evacuate Collection Set: 0.0ms
[84.940s][info][gc,phases     ] GC(18)   Evacuate Collection Set: 34.2ms
[84.940s][info][gc,phases     ] GC(18)   Post Evacuate Collection Set: 0.2ms
[84.940s][info][gc,phases     ] GC(18)   Other: 0.3ms
[84.940s][info][gc,heap       ] GC(18) Eden regions: 3->0(3)
[84.941s][info][gc,heap       ] GC(18) Survivor regions: 1->1(1)
[84.941s][info][gc,heap       ] GC(18) Old regions: 63->67
[84.941s][info][gc,heap       ] GC(18) Humongous regions: 15->15
[84.941s][info][gc,metaspace  ] GC(18) Metaspace: 10759K->10759K(1058816K)
[84.941s][info][gc            ] GC(18) Pause Young (G1 Evacuation Pause) 82M->82M(96M) 35.316ms
[84.941s][info][gc,cpu        ] GC(18) User=0.11s Sys=0.00s Real=0.04s
[84.960s][info][gc,start      ] GC(19) Pause Mixed (G1 Evacuation Pause)
[84.960s][info][gc,task       ] GC(19) Using 4 workers of 4 for evacuation
[85.024s][info][gc,phases     ] GC(19)   Pre Evacuate Collection Set: 0.0ms
[85.024s][info][gc,phases     ] GC(19)   Evacuate Collection Set: 62.9ms
[85.024s][info][gc,phases     ] GC(19)   Post Evacuate Collection Set: 0.3ms
[85.024s][info][gc,phases     ] GC(19)   Other: 0.4ms
[85.024s][info][gc,heap       ] GC(19) Eden regions: 3->0(3)
[85.024s][info][gc,heap       ] GC(19) Survivor regions: 1->1(1)
[85.024s][info][gc,heap       ] GC(19) Old regions: 67->66
[85.024s][info][gc,heap       ] GC(19) Humongous regions: 15->15
[85.024s][info][gc,metaspace  ] GC(19) Metaspace: 10759K->10759K(1058816K)
[85.024s][info][gc            ] GC(19) Pause Mixed (G1 Evacuation Pause) 85M->81M(96M) 64.291ms
[85.024s][info][gc,cpu        ] GC(19) User=0.20s Sys=0.00s Real=0.06s
[85.071s][info][gc,start      ] GC(20) Pause Initial Mark (G1 Evacuation Pause)
[85.071s][info][gc,task       ] GC(20) Using 4 workers of 4 for evacuation
[85.107s][info][gc,phases     ] GC(20)   Pre Evacuate Collection Set: 0.0ms
[85.108s][info][gc,phases     ] GC(20)   Evacuate Collection Set: 36.4ms
[85.108s][info][gc,phases     ] GC(20)   Post Evacuate Collection Set: 0.2ms
[85.108s][info][gc,phases     ] GC(20)   Other: 0.4ms
[85.108s][info][gc,heap       ] GC(20) Eden regions: 3->0(3)
[85.108s][info][gc,heap       ] GC(20) Survivor regions: 1->1(1)
[85.108s][info][gc,heap       ] GC(20) Old regions: 66->70
[85.108s][info][gc,heap       ] GC(20) Humongous regions: 15->15
[85.108s][info][gc,metaspace  ] GC(20) Metaspace: 10759K->10759K(1058816K)
[85.108s][info][gc            ] GC(20) Pause Initial Mark (G1 Evacuation Pause) 84M->85M(96M) 37.567ms
[85.108s][info][gc,cpu        ] GC(20) User=0.11s Sys=0.00s Real=0.04s
[85.108s][info][gc            ] GC(21) Concurrent Cycle
[85.108s][info][gc,marking    ] GC(21) Concurrent Clear Claimed Marks
[85.108s][info][gc,marking    ] GC(21) Concurrent Clear Claimed Marks 0.067ms
[85.108s][info][gc,marking    ] GC(21) Concurrent Scan Root Regions
[85.112s][info][gc,marking    ] GC(21) Concurrent Scan Root Regions 3.671ms
[85.112s][info][gc,marking    ] GC(21) Concurrent Mark (85.112s)
[85.112s][info][gc,marking    ] GC(21) Concurrent Mark From Roots
[85.112s][info][gc,task       ] GC(21) Using 1 workers of 1 for marking
[85.157s][info][gc,start      ] GC(22) Pause Young (G1 Evacuation Pause)
[85.157s][info][gc,task       ] GC(22) Using 4 workers of 4 for evacuation
[85.193s][info][gc,phases     ] GC(22)   Pre Evacuate Collection Set: 0.0ms
[85.193s][info][gc,phases     ] GC(22)   Evacuate Collection Set: 35.4ms
[85.193s][info][gc,phases     ] GC(22)   Post Evacuate Collection Set: 0.3ms
[85.193s][info][gc,phases     ] GC(22)   Other: 0.4ms
[85.193s][info][gc,heap       ] GC(22) Eden regions: 3->0(3)
[85.193s][info][gc,heap       ] GC(22) Survivor regions: 1->1(1)
[85.193s][info][gc,heap       ] GC(22) Old regions: 70->73
[85.193s][info][gc,heap       ] GC(22) Humongous regions: 15->15
[85.193s][info][gc,metaspace  ] GC(22) Metaspace: 10759K->10759K(1058816K)
[85.193s][info][gc            ] GC(22) Pause Young (G1 Evacuation Pause) 88M->88M(96M) 36.736ms
[85.193s][info][gc,cpu        ] GC(22) User=0.09s Sys=0.00s Real=0.04s
[85.827s][info][gc,marking    ] GC(21) Concurrent Mark From Roots 714.859ms
[85.827s][info][gc,marking    ] GC(21) Concurrent Mark (85.112s, 85.827s) 715.058ms
[85.835s][info][gc,start      ] GC(21) Pause Remark
[85.839s][info][gc,stringtable] GC(21) Cleaned string and symbol table, strings: 5149 processed, 0 removed, symbols: 40166 processed, 11 removed
[85.839s][info][gc            ] GC(21) Pause Remark 106M->106M(112M) 3.826ms
[85.839s][info][gc,cpu        ] GC(21) User=0.06s Sys=0.00s Real=0.00s
[85.839s][info][gc,marking    ] GC(21) Concurrent Create Live Data
[85.946s][info][gc,marking    ] GC(21) Concurrent Create Live Data 107.539ms
[85.947s][info][gc,start      ] GC(21) Pause Cleanup
[85.947s][info][gc            ] GC(21) Pause Cleanup 106M->104M(112M) 0.498ms
[85.947s][info][gc,cpu        ] GC(21) User=0.00s Sys=0.00s Real=0.00s
[85.947s][info][gc,marking    ] GC(21) Concurrent Complete Cleanup
[85.948s][info][gc,marking    ] GC(21) Concurrent Complete Cleanup 0.110ms
[85.948s][info][gc,marking    ] GC(21) Concurrent Cleanup for Next Mark
[85.948s][info][gc,marking    ] GC(21) Concurrent Cleanup for Next Mark 0.470ms
[85.948s][info][gc            ] GC(21) Concurrent Cycle 840.026ms
[102.844s][info][gc,start      ] GC(23) Pause Young (G1 Evacuation Pause)
[102.844s][info][gc,task       ] GC(23) Using 4 workers of 4 for evacuation
[102.899s][info][gc,phases     ] GC(23)   Pre Evacuate Collection Set: 0.0ms
[102.899s][info][gc,phases     ] GC(23)   Evacuate Collection Set: 54.5ms
[102.899s][info][gc,phases     ] GC(23)   Post Evacuate Collection Set: 0.2ms
[102.899s][info][gc,phases     ] GC(23)   Other: 0.5ms
[102.900s][info][gc,heap       ] GC(23) Eden regions: 4->0(4)
[102.900s][info][gc,heap       ] GC(23) Survivor regions: 1->1(1)
[102.900s][info][gc,heap       ] GC(23) Old regions: 73->77
[102.900s][info][gc,heap       ] GC(23) Humongous regions: 31->31
[102.900s][info][gc,metaspace  ] GC(23) Metaspace: 10759K->10759K(1058816K)
[102.900s][info][gc            ] GC(23) Pause Young (G1 Evacuation Pause) 108M->108M(114M) 55.847ms
[102.900s][info][gc,cpu        ] GC(23) User=0.20s Sys=0.00s Real=0.06s
[102.927s][info][gc,start      ] GC(24) Pause Mixed (G1 Evacuation Pause)
[102.927s][info][gc,task       ] GC(24) Using 4 workers of 4 for evacuation
[103.010s][info][gc,phases     ] GC(24)   Pre Evacuate Collection Set: 0.0ms
[103.010s][info][gc,phases     ] GC(24)   Evacuate Collection Set: 82.2ms
[103.010s][info][gc,phases     ] GC(24)   Post Evacuate Collection Set: 0.4ms
[103.011s][info][gc,phases     ] GC(24)   Other: 0.5ms
[103.011s][info][gc,heap       ] GC(24) Eden regions: 4->0(5)
[103.011s][info][gc,heap       ] GC(24) Survivor regions: 1->1(1)
[103.011s][info][gc,heap       ] GC(24) Old regions: 77->78
[103.011s][info][gc,heap       ] GC(24) Humongous regions: 31->31
[103.011s][info][gc,metaspace  ] GC(24) Metaspace: 10759K->10759K(1058816K)
[103.011s][info][gc            ] GC(24) Pause Mixed (G1 Evacuation Pause) 112M->110M(121M) 83.696ms
[103.011s][info][gc,cpu        ] GC(24) User=0.31s Sys=0.02s Real=0.08s
[103.057s][info][gc,start      ] GC(25) Pause Initial Mark (G1 Evacuation Pause)
[103.057s][info][gc,task       ] GC(25) Using 4 workers of 4 for evacuation
[103.114s][info][gc,phases     ] GC(25)   Pre Evacuate Collection Set: 0.0ms
[103.114s][info][gc,phases     ] GC(25)   Evacuate Collection Set: 56.2ms
[103.114s][info][gc,phases     ] GC(25)   Post Evacuate Collection Set: 0.2ms
[103.114s][info][gc,phases     ] GC(25)   Other: 0.4ms
[103.114s][info][gc,heap       ] GC(25) Eden regions: 5->0(5)
[103.114s][info][gc,heap       ] GC(25) Survivor regions: 1->1(1)
[103.114s][info][gc,heap       ] GC(25) Old regions: 78->84
[103.114s][info][gc,heap       ] GC(25) Humongous regions: 31->31
[103.114s][info][gc,metaspace  ] GC(25) Metaspace: 10759K->10759K(1058816K)
[103.115s][info][gc            ] GC(25) Pause Initial Mark (G1 Evacuation Pause) 115M->115M(122M) 57.418ms
[103.115s][info][gc,cpu        ] GC(25) User=0.16s Sys=0.00s Real=0.06s
[103.115s][info][gc            ] GC(26) Concurrent Cycle
[103.115s][info][gc,marking    ] GC(26) Concurrent Clear Claimed Marks
[103.115s][info][gc,marking    ] GC(26) Concurrent Clear Claimed Marks 0.067ms
[103.115s][info][gc,marking    ] GC(26) Concurrent Scan Root Regions
[103.118s][info][gc,marking    ] GC(26) Concurrent Scan Root Regions 3.279ms
[103.118s][info][gc,marking    ] GC(26) Concurrent Mark (103.118s)
[103.118s][info][gc,marking    ] GC(26) Concurrent Mark From Roots
[103.118s][info][gc,task       ] GC(26) Using 1 workers of 1 for marking
[103.937s][info][gc,marking    ] GC(26) Concurrent Mark From Roots 818.661ms
[103.937s][info][gc,marking    ] GC(26) Concurrent Mark (103.118s, 103.937s) 818.870ms
[103.944s][info][gc,start      ] GC(26) Pause Remark
[103.947s][info][gc,stringtable] GC(26) Cleaned string and symbol table, strings: 5149 processed, 0 removed, symbols: 40155 processed, 0 removed
[103.947s][info][gc            ] GC(26) Pause Remark 116M->116M(122M) 3.009ms
[103.947s][info][gc,cpu        ] GC(26) User=0.06s Sys=0.00s Real=0.00s
[103.947s][info][gc,marking    ] GC(26) Concurrent Create Live Data
[104.080s][info][gc,marking    ] GC(26) Concurrent Create Live Data 132.739ms
[104.080s][info][gc,start      ] GC(26) Pause Cleanup
[104.081s][info][gc            ] GC(26) Pause Cleanup 116M->103M(122M) 0.414ms
[104.081s][info][gc,cpu        ] GC(26) User=0.00s Sys=0.00s Real=0.00s
[104.081s][info][gc,marking    ] GC(26) Concurrent Complete Cleanup
[104.081s][info][gc,marking    ] GC(26) Concurrent Complete Cleanup 0.117ms
[104.081s][info][gc,marking    ] GC(26) Concurrent Cleanup for Next Mark
[104.082s][info][gc,marking    ] GC(26) Concurrent Cleanup for Next Mark 0.646ms
[104.082s][info][gc            ] GC(26) Concurrent Cycle 967.083ms
[119.826s][info][gc,start      ] GC(27) Pause Young (G1 Evacuation Pause)
[119.827s][info][gc,task       ] GC(27) Using 4 workers of 4 for evacuation
[119.901s][info][gc,phases     ] GC(27)   Pre Evacuate Collection Set: 0.0ms
[119.902s][info][gc,phases     ] GC(27)   Evacuate Collection Set: 74.2ms
[119.902s][info][gc,phases     ] GC(27)   Post Evacuate Collection Set: 0.3ms
[119.902s][info][gc,phases     ] GC(27)   Other: 0.5ms
[119.902s][info][gc,heap       ] GC(27) Eden regions: 5->0(5)
[119.902s][info][gc,heap       ] GC(27) Survivor regions: 1->1(1)
[119.902s][info][gc,heap       ] GC(27) Old regions: 84->90
[119.902s][info][gc,heap       ] GC(27) Humongous regions: 20->20
[119.902s][info][gc,metaspace  ] GC(27) Metaspace: 10759K->10759K(1058816K)
[119.902s][info][gc            ] GC(27) Pause Young (G1 Evacuation Pause) 109M->110M(122M) 75.722ms
[119.902s][info][gc,cpu        ] GC(27) User=0.27s Sys=0.00s Real=0.08s
[119.945s][info][gc,start      ] GC(28) Pause Mixed (G1 Evacuation Pause)
[119.946s][info][gc,task       ] GC(28) Using 4 workers of 4 for evacuation
[120.055s][info][gc,phases     ] GC(28)   Pre Evacuate Collection Set: 0.0ms
[120.055s][info][gc,phases     ] GC(28)   Evacuate Collection Set: 108.5ms
[120.055s][info][gc,phases     ] GC(28)   Post Evacuate Collection Set: 0.4ms
[120.055s][info][gc,phases     ] GC(28)   Other: 0.5ms
[120.055s][info][gc,heap       ] GC(28) Eden regions: 5->0(5)
[120.055s][info][gc,heap       ] GC(28) Survivor regions: 1->1(1)
[120.055s][info][gc,heap       ] GC(28) Old regions: 90->92
[120.055s][info][gc,heap       ] GC(28) Humongous regions: 20->20
[120.055s][info][gc,metaspace  ] GC(28) Metaspace: 10759K->10759K(1058816K)
[120.056s][info][gc            ] GC(28) Pause Mixed (G1 Evacuation Pause) 115M->112M(126M) 110.133ms
[120.056s][info][gc,cpu        ] GC(28) User=0.38s Sys=0.00s Real=0.11s
[135.446s][info][gc,start      ] GC(29) Pause Initial Mark (G1 Humongous Allocation)
[135.447s][info][gc,task       ] GC(29) Using 4 workers of 4 for evacuation
[135.483s][info][gc,phases     ] GC(29)   Pre Evacuate Collection Set: 0.0ms
[135.483s][info][gc,phases     ] GC(29)   Evacuate Collection Set: 36.3ms
[135.484s][info][gc,phases     ] GC(29)   Post Evacuate Collection Set: 0.2ms
[135.484s][info][gc,phases     ] GC(29)   Other: 0.4ms
[135.484s][info][gc,heap       ] GC(29) Eden regions: 2->0(5)
[135.484s][info][gc,heap       ] GC(29) Survivor regions: 1->1(1)
[135.484s][info][gc,heap       ] GC(29) Old regions: 92->95
[135.484s][info][gc,heap       ] GC(29) Humongous regions: 20->20
[135.484s][info][gc,metaspace  ] GC(29) Metaspace: 10759K->10759K(1058816K)
[135.484s][info][gc            ] GC(29) Pause Initial Mark (G1 Humongous Allocation) 114M->115M(126M) 37.629ms
[135.484s][info][gc,cpu        ] GC(29) User=0.11s Sys=0.00s Real=0.04s
[135.484s][info][gc            ] GC(30) Concurrent Cycle
[135.484s][info][gc,marking    ] GC(30) Concurrent Clear Claimed Marks
[135.485s][info][gc,marking    ] GC(30) Concurrent Clear Claimed Marks 0.078ms
[135.485s][info][gc,marking    ] GC(30) Concurrent Scan Root Regions
[135.489s][info][gc,marking    ] GC(30) Concurrent Scan Root Regions 3.894ms
[135.489s][info][gc,marking    ] GC(30) Concurrent Mark (135.489s)
[135.489s][info][gc,marking    ] GC(30) Concurrent Mark From Roots
[135.489s][info][gc,task       ] GC(30) Using 1 workers of 1 for marking
[135.520s][info][gc,start      ] GC(31) Pause Young (G1 Evacuation Pause)
[135.520s][info][gc,task       ] GC(31) Using 4 workers of 4 for evacuation
[135.591s][info][gc            ] GC(31) To-space exhausted
[135.591s][info][gc,phases     ] GC(31)   Pre Evacuate Collection Set: 0.0ms
[135.591s][info][gc,phases     ] GC(31)   Evacuate Collection Set: 60.9ms
[135.591s][info][gc,phases     ] GC(31)   Post Evacuate Collection Set: 9.7ms
[135.592s][info][gc,phases     ] GC(31)   Other: 0.6ms
[135.592s][info][gc,heap       ] GC(31) Eden regions: 5->0(5)
[135.592s][info][gc,heap       ] GC(31) Survivor regions: 1->1(1)
[135.592s][info][gc,heap       ] GC(31) Old regions: 95->101
[135.592s][info][gc,heap       ] GC(31) Humongous regions: 22->22
[135.592s][info][gc,metaspace  ] GC(31) Metaspace: 10759K->10759K(1058816K)
[135.592s][info][gc            ] GC(31) Pause Young (G1 Evacuation Pause) 122M->124M(128M) 71.746ms
[135.592s][info][gc,cpu        ] GC(31) User=0.22s Sys=0.00s Real=0.07s
[135.626s][info][gc,start      ] GC(32) Pause Young (G1 Evacuation Pause)
[135.627s][info][gc,task       ] GC(32) Using 4 workers of 4 for evacuation
[135.710s][info][gc            ] GC(32) To-space exhausted
[135.710s][info][gc,phases     ] GC(32)   Pre Evacuate Collection Set: 0.0ms
[135.711s][info][gc,phases     ] GC(32)   Evacuate Collection Set: 59.7ms
[135.711s][info][gc,phases     ] GC(32)   Post Evacuate Collection Set: 23.8ms
[135.711s][info][gc,phases     ] GC(32)   Other: 0.5ms
[135.711s][info][gc,heap       ] GC(32) Eden regions: 4->0(6)
[135.711s][info][gc,heap       ] GC(32) Survivor regions: 1->0(1)
[135.711s][info][gc,heap       ] GC(32) Old regions: 101->106
[135.711s][info][gc,heap       ] GC(32) Humongous regions: 22->22
[135.711s][info][gc,metaspace  ] GC(32) Metaspace: 10759K->10759K(1058816K)
[135.711s][info][gc            ] GC(32) Pause Young (G1 Evacuation Pause) 128M->128M(128M) 84.516ms
[135.711s][info][gc,cpu        ] GC(32) User=0.27s Sys=0.03s Real=0.09s
[135.728s][info][gc,start      ] GC(33) Pause Young (G1 Evacuation Pause)
[135.728s][info][gc,task       ] GC(33) Using 4 workers of 4 for evacuation
[135.740s][info][gc,phases     ] GC(33)   Pre Evacuate Collection Set: 0.0ms
[135.740s][info][gc,phases     ] GC(33)   Evacuate Collection Set: 11.9ms
[135.740s][info][gc,phases     ] GC(33)   Post Evacuate Collection Set: 0.2ms
[135.740s][info][gc,phases     ] GC(33)   Other: 0.4ms
[135.740s][info][gc,heap       ] GC(33) Eden regions: 0->0(6)
[135.740s][info][gc,heap       ] GC(33) Survivor regions: 0->0(1)
[135.740s][info][gc,heap       ] GC(33) Old regions: 106->106
[135.740s][info][gc,heap       ] GC(33) Humongous regions: 22->22
[135.740s][info][gc,metaspace  ] GC(33) Metaspace: 10759K->10759K(1058816K)
[135.741s][info][gc            ] GC(33) Pause Young (G1 Evacuation Pause) 128M->128M(128M) 13.079ms
[135.741s][info][gc,cpu        ] GC(33) User=0.00s Sys=0.00s Real=0.01s
[135.745s][info][gc,start      ] GC(34) Pause Full (Allocation Failure)
[135.746s][info][gc,phases,start] GC(34) Phase 1: Mark live objects
[136.095s][info][gc,stringtable ] GC(34) Cleaned string and symbol table, strings: 5149 processed, 0 removed, symbols: 40155 processed, 0 removed
[136.095s][info][gc,phases      ] GC(34) Phase 1: Mark live objects 349.209ms
[136.095s][info][gc,phases,start] GC(34) Phase 2: Prepare for compaction
[136.156s][info][gc,phases      ] GC(34) Phase 2: Prepare for compaction 60.813ms
[136.156s][info][gc,phases,start] GC(34) Phase 3: Adjust pointers and remembered sets
[136.339s][info][gc,phases      ] GC(34) Phase 3: Adjust pointers and remembered sets 182.906ms
[136.339s][info][gc,phases,start] GC(34) Phase 4: Compact heap
[136.484s][info][gc,phases      ] GC(34) Phase 4: Compact heap 145.047ms
[136.485s][info][gc,heap        ] GC(34) Eden regions: 0->0(6)
[136.486s][info][gc,heap        ] GC(34) Survivor regions: 0->0(1)
[136.486s][info][gc,heap        ] GC(34) Old regions: 106->90
[136.486s][info][gc,heap        ] GC(34) Humongous regions: 22->18
[136.486s][info][gc,metaspace   ] GC(34) Metaspace: 10759K->10759K(1058816K)
[136.486s][info][gc             ] GC(34) Pause Full (Allocation Failure) 128M->105M(128M) 741.087ms
[136.486s][info][gc,cpu         ] GC(34) User=2.41s Sys=0.00s Real=0.74s
[136.486s][info][gc,marking     ] GC(30) Concurrent Mark From Roots 997.435ms
[136.486s][info][gc,marking     ] GC(30) Concurrent Mark Abort
[136.486s][info][gc             ] GC(30) Concurrent Cycle 1002.104ms
[155.643s][info][gc,start       ] GC(35) Pause Initial Mark (G1 Humongous Allocation)
[155.643s][info][gc,task        ] GC(35) Using 4 workers of 4 for evacuation
[155.667s][info][gc,phases      ] GC(35)   Pre Evacuate Collection Set: 0.0ms
[155.667s][info][gc,phases      ] GC(35)   Evacuate Collection Set: 23.6ms
[155.667s][info][gc,phases      ] GC(35)   Post Evacuate Collection Set: 0.2ms
[155.667s][info][gc,phases      ] GC(35)   Other: 0.4ms
[155.667s][info][gc,heap        ] GC(35) Eden regions: 3->0(5)
[155.667s][info][gc,heap        ] GC(35) Survivor regions: 0->1(1)
[155.667s][info][gc,heap        ] GC(35) Old regions: 90->92
[155.667s][info][gc,heap        ] GC(35) Humongous regions: 18->18
[155.667s][info][gc,metaspace   ] GC(35) Metaspace: 10759K->10759K(1058816K)
[155.667s][info][gc             ] GC(35) Pause Initial Mark (G1 Humongous Allocation) 108M->108M(128M) 24.947ms
[155.668s][info][gc,cpu         ] GC(35) User=0.09s Sys=0.00s Real=0.03s
[155.668s][info][gc             ] GC(36) Concurrent Cycle
[155.668s][info][gc,marking     ] GC(36) Concurrent Clear Claimed Marks
[155.668s][info][gc,marking     ] GC(36) Concurrent Clear Claimed Marks 0.078ms
[155.668s][info][gc,marking     ] GC(36) Concurrent Scan Root Regions
[155.672s][info][gc,marking     ] GC(36) Concurrent Scan Root Regions 4.004ms
[155.672s][info][gc,marking     ] GC(36) Concurrent Mark (155.672s)
[155.672s][info][gc,marking     ] GC(36) Concurrent Mark From Roots
[155.672s][info][gc,task        ] GC(36) Using 1 workers of 1 for marking
[155.704s][info][gc,start       ] GC(37) Pause Young (G1 Evacuation Pause)
[155.704s][info][gc,task        ] GC(37) Using 4 workers of 4 for evacuation
[155.771s][info][gc,phases      ] GC(37)   Pre Evacuate Collection Set: 0.0ms
[155.771s][info][gc,phases      ] GC(37)   Evacuate Collection Set: 65.4ms
[155.771s][info][gc,phases      ] GC(37)   Post Evacuate Collection Set: 0.4ms
[155.771s][info][gc,phases      ] GC(37)   Other: 0.5ms
[155.771s][info][gc,heap        ] GC(37) Eden regions: 5->0(5)
[155.771s][info][gc,heap        ] GC(37) Survivor regions: 1->1(1)
[155.771s][info][gc,heap        ] GC(37) Old regions: 92->97
[155.771s][info][gc,heap        ] GC(37) Humongous regions: 20->20
[155.771s][info][gc,metaspace   ] GC(37) Metaspace: 10759K->10759K(1058816K)
[155.771s][info][gc             ] GC(37) Pause Young (G1 Evacuation Pause) 115M->115M(128M) 67.030ms
[155.771s][info][gc,cpu         ] GC(37) User=0.20s Sys=0.02s Real=0.07s
[155.817s][info][gc,start       ] GC(38) Pause Young (G1 Humongous Allocation)
[155.817s][info][gc,task        ] GC(38) Using 4 workers of 4 for evacuation
[155.869s][info][gc,phases      ] GC(38)   Pre Evacuate Collection Set: 0.0ms
[155.870s][info][gc,phases      ] GC(38)   Evacuate Collection Set: 51.6ms
[155.870s][info][gc,phases      ] GC(38)   Post Evacuate Collection Set: 0.3ms
[155.870s][info][gc,phases      ] GC(38)   Other: 0.5ms
[155.870s][info][gc,heap        ] GC(38) Eden regions: 4->0(5)
[155.870s][info][gc,heap        ] GC(38) Survivor regions: 1->1(1)
[155.870s][info][gc,heap        ] GC(38) Old regions: 97->101
[155.870s][info][gc,heap        ] GC(38) Humongous regions: 20->20
[155.870s][info][gc,metaspace   ] GC(38) Metaspace: 10759K->10759K(1058816K)
[155.870s][info][gc             ] GC(38) Pause Young (G1 Humongous Allocation) 118M->119M(128M) 53.098ms
[155.870s][info][gc,cpu         ] GC(38) User=0.22s Sys=0.00s Real=0.05s
[155.874s][info][gc,start       ] GC(39) Pause Full (Allocation Failure)
[155.875s][info][gc,phases,start] GC(39) Phase 1: Mark live objects
[156.283s][info][gc,stringtable ] GC(39) Cleaned string and symbol table, strings: 5151 processed, 1 removed, symbols: 40155 processed, 0 removed
[156.283s][info][gc,phases      ] GC(39) Phase 1: Mark live objects 408.062ms
[156.283s][info][gc,phases,start] GC(39) Phase 2: Prepare for compaction
[156.349s][info][gc,phases      ] GC(39) Phase 2: Prepare for compaction 65.600ms
[156.349s][info][gc,phases,start] GC(39) Phase 3: Adjust pointers and remembered sets
[156.556s][info][gc,phases      ] GC(39) Phase 3: Adjust pointers and remembered sets 207.354ms
[156.556s][info][gc,phases,start] GC(39) Phase 4: Compact heap
[156.666s][info][gc,phases      ] GC(39) Phase 4: Compact heap 109.248ms
[156.667s][info][gc,heap        ] GC(39) Eden regions: 0->0(6)
[156.667s][info][gc,heap        ] GC(39) Survivor regions: 1->0(1)
[156.667s][info][gc,heap        ] GC(39) Old regions: 101->97
[156.667s][info][gc,heap        ] GC(39) Humongous regions: 20->18
[156.668s][info][gc,metaspace   ] GC(39) Metaspace: 10759K->10759K(1058816K)
[156.668s][info][gc             ] GC(39) Pause Full (Allocation Failure) 119M->113M(128M) 793.511ms
[156.668s][info][gc,cpu         ] GC(39) User=2.39s Sys=0.02s Real=0.79s
[156.668s][info][gc,start       ] GC(40) Pause Full (Allocation Failure)
[156.668s][info][gc,phases,start] GC(40) Phase 1: Mark live objects
[157.026s][info][gc,stringtable ] GC(40) Cleaned string and symbol table, strings: 5150 processed, 0 removed, symbols: 40155 processed, 0 removed
[157.026s][info][gc,phases      ] GC(40) Phase 1: Mark live objects 357.320ms
[157.026s][info][gc,phases,start] GC(40) Phase 2: Prepare for compaction
[157.078s][info][gc,phases      ] GC(40) Phase 2: Prepare for compaction 52.177ms
[157.078s][info][gc,phases,start] GC(40) Phase 3: Adjust pointers and remembered sets
[157.248s][info][gc,phases      ] GC(40) Phase 3: Adjust pointers and remembered sets 170.298ms
[157.249s][info][gc,phases,start] GC(40) Phase 4: Compact heap
[157.295s][info][gc,phases      ] GC(40) Phase 4: Compact heap 46.016ms
[157.296s][info][gc,heap        ] GC(40) Eden regions: 0->0(6)
[157.296s][info][gc,heap        ] GC(40) Survivor regions: 0->0(1)
[157.296s][info][gc,heap        ] GC(40) Old regions: 97->97
[157.297s][info][gc,heap        ] GC(40) Humongous regions: 18->18
[157.297s][info][gc,metaspace   ] GC(40) Metaspace: 10759K->10759K(1058816K)
[157.297s][info][gc             ] GC(40) Pause Full (Allocation Failure) 113M->113M(128M) 628.462ms
[157.297s][info][gc,cpu         ] GC(40) User=2.03s Sys=0.00s Real=0.63s
[157.297s][info][gc,marking     ] GC(36) Concurrent Mark From Roots 1624.942ms
[157.297s][info][gc,marking     ] GC(36) Concurrent Mark Abort
[157.297s][info][gc             ] GC(36) Concurrent Cycle 1629.542ms
[157.565s][info][gc,heap,exit   ] Heap
[157.565s][info][gc,heap,exit   ]  garbage-first heap   total 131072K, used 116360K [0x00000000f8000000, 0x0000000100000000)
[157.565s][info][gc,heap,exit   ]   region size 1024K, 1 young (1024K), 0 survivors (0K)
[157.565s][info][gc,heap,exit   ]  Metaspace       used 10769K, capacity 11030K, committed 11392K, reserved 1058816K
[157.565s][info][gc,heap,exit   ]   class space    used 1000K, capacity 1063K, committed 1152K, reserved 1048576K
